// Jest Snapshot v1, https://goo.gl/fbAQLP

exports[`ymlwebcl-link matches component snapshot 1`] = `
v {
  "_$AL": Map {},
  "_$Do": H {
    "_$AA": <!---->,
    "_$AB": null,
    "_$AH": At {
      "_$AD": O {
        "el": <template />,
        "parts": Array [
          Object {
            "ctor": [Function],
            "index": 0,
            "name": "class",
            "strings": Array [
              "",
              "",
            ],
            "type": 1,
          },
          Object {
            "ctor": [Function],
            "index": 0,
            "name": "title",
            "strings": Array [
              "",
              "",
            ],
            "type": 1,
          },
          Object {
            "ctor": [Function],
            "index": 0,
            "name": "href",
            "strings": Array [
              "",
              "",
            ],
            "type": 1,
          },
          Object {
            "ctor": [Function],
            "index": 0,
            "name": "target",
            "strings": Array [
              "",
              "",
            ],
            "type": 1,
          },
          Object {
            "ctor": [Function],
            "index": 0,
            "name": "rel",
            "strings": Array [
              "",
              "",
            ],
            "type": 1,
          },
          Object {
            "ctor": [Function],
            "index": 0,
            "name": "aria-label",
            "strings": Array [
              "",
              "",
            ],
            "type": 1,
          },
          Object {
            "index": 1,
            "type": 2,
          },
          Object {
            "ctor": [Function],
            "index": 2,
            "name": "name",
            "strings": Array [
              "",
              "",
            ],
            "type": 1,
          },
        ],
      },
      "_$AM": [Circular],
      "_$AN": undefined,
      "u": Array [
        L {
          "_$AH": "font-medium text-blue-600 dark:text-blue-500 hover:underline",
          "_$AM": [Circular],
          "_$AN": undefined,
          "element": <a
            aria-label="Click Here to redirect"
            class="font-medium text-blue-600 dark:text-blue-500 hover:underline"
            href="#"
            part="custom-link"
            rel=""
            target="_self"
            title=""
          >
            
        
            <!--?lit$3302509262$-->
            Click Here
            
        
            <slot
              name=""
            />
            
      
          </a>,
          "name": "class",
          "options": Object {
            "host": [Circular],
            "isConnected": true,
            "renderBefore": null,
          },
          "type": 1,
        },
        L {
          "_$AH": "",
          "_$AM": [Circular],
          "_$AN": undefined,
          "element": <a
            aria-label="Click Here to redirect"
            class="font-medium text-blue-600 dark:text-blue-500 hover:underline"
            href="#"
            part="custom-link"
            rel=""
            target="_self"
            title=""
          >
            
        
            <!--?lit$3302509262$-->
            Click Here
            
        
            <slot
              name=""
            />
            
      
          </a>,
          "name": "title",
          "options": Object {
            "host": [Circular],
            "isConnected": true,
            "renderBefore": null,
          },
          "type": 1,
        },
        L {
          "_$AH": "#",
          "_$AM": [Circular],
          "_$AN": undefined,
          "element": <a
            aria-label="Click Here to redirect"
            class="font-medium text-blue-600 dark:text-blue-500 hover:underline"
            href="#"
            part="custom-link"
            rel=""
            target="_self"
            title=""
          >
            
        
            <!--?lit$3302509262$-->
            Click Here
            
        
            <slot
              name=""
            />
            
      
          </a>,
          "name": "href",
          "options": Object {
            "host": [Circular],
            "isConnected": true,
            "renderBefore": null,
          },
          "type": 1,
        },
        L {
          "_$AH": "_self",
          "_$AM": [Circular],
          "_$AN": undefined,
          "element": <a
            aria-label="Click Here to redirect"
            class="font-medium text-blue-600 dark:text-blue-500 hover:underline"
            href="#"
            part="custom-link"
            rel=""
            target="_self"
            title=""
          >
            
        
            <!--?lit$3302509262$-->
            Click Here
            
        
            <slot
              name=""
            />
            
      
          </a>,
          "name": "target",
          "options": Object {
            "host": [Circular],
            "isConnected": true,
            "renderBefore": null,
          },
          "type": 1,
        },
        L {
          "_$AH": "",
          "_$AM": [Circular],
          "_$AN": undefined,
          "element": <a
            aria-label="Click Here to redirect"
            class="font-medium text-blue-600 dark:text-blue-500 hover:underline"
            href="#"
            part="custom-link"
            rel=""
            target="_self"
            title=""
          >
            
        
            <!--?lit$3302509262$-->
            Click Here
            
        
            <slot
              name=""
            />
            
      
          </a>,
          "name": "rel",
          "options": Object {
            "host": [Circular],
            "isConnected": true,
            "renderBefore": null,
          },
          "type": 1,
        },
        L {
          "_$AH": "Click Here to redirect",
          "_$AM": [Circular],
          "_$AN": undefined,
          "element": <a
            aria-label="Click Here to redirect"
            class="font-medium text-blue-600 dark:text-blue-500 hover:underline"
            href="#"
            part="custom-link"
            rel=""
            target="_self"
            title=""
          >
            
        
            <!--?lit$3302509262$-->
            Click Here
            
        
            <slot
              name=""
            />
            
      
          </a>,
          "name": "aria-label",
          "options": Object {
            "host": [Circular],
            "isConnected": true,
            "renderBefore": null,
          },
          "type": 1,
        },
        H {
          "_$AA": <!--?lit$3302509262$-->,
          "_$AB": 
        ,
          "_$AH": "Click Here",
          "_$AM": [Circular],
          "_$AN": undefined,
          "_$Cm": true,
          "options": Object {
            "host": [Circular],
            "isConnected": true,
            "renderBefore": null,
          },
          "type": 2,
        },
        L {
          "_$AH": "",
          "_$AM": [Circular],
          "_$AN": undefined,
          "element": <slot
            name=""
          />,
          "name": "name",
          "options": Object {
            "host": [Circular],
            "isConnected": true,
            "renderBefore": null,
          },
          "type": 1,
        },
      ],
    },
    "_$AM": undefined,
    "_$AN": undefined,
    "_$Cm": true,
    "options": Object {
      "host": [Circular],
      "isConnected": true,
      "renderBefore": null,
    },
    "type": 2,
  },
  "_$EC": undefined,
  "_$E_": Promise {},
  "_$Ei": undefined,
  "_$El": null,
  "__href": "#",
  "__linkTitle": "",
  "__rel": "",
  "__slotName": "",
  "__target": "_self",
  "__text": "Click Here",
  "__type": "link",
  "enableUpdating": [Function],
  "hasUpdated": true,
  "isUpdatePending": false,
  "renderOptions": Object {
    "host": [Circular],
    "isConnected": true,
    "renderBefore": null,
  },
  "renderRoot": ShadowRoot {
    "_$litPart$": H {
      "_$AA": <!---->,
      "_$AB": null,
      "_$AH": At {
        "_$AD": O {
          "el": <template />,
          "parts": Array [
            Object {
              "ctor": [Function],
              "index": 0,
              "name": "class",
              "strings": Array [
                "",
                "",
              ],
              "type": 1,
            },
            Object {
              "ctor": [Function],
              "index": 0,
              "name": "title",
              "strings": Array [
                "",
                "",
              ],
              "type": 1,
            },
            Object {
              "ctor": [Function],
              "index": 0,
              "name": "href",
              "strings": Array [
                "",
                "",
              ],
              "type": 1,
            },
            Object {
              "ctor": [Function],
              "index": 0,
              "name": "target",
              "strings": Array [
                "",
                "",
              ],
              "type": 1,
            },
            Object {
              "ctor": [Function],
              "index": 0,
              "name": "rel",
              "strings": Array [
                "",
                "",
              ],
              "type": 1,
            },
            Object {
              "ctor": [Function],
              "index": 0,
              "name": "aria-label",
              "strings": Array [
                "",
                "",
              ],
              "type": 1,
            },
            Object {
              "index": 1,
              "type": 2,
            },
            Object {
              "ctor": [Function],
              "index": 2,
              "name": "name",
              "strings": Array [
                "",
                "",
              ],
              "type": 1,
            },
          ],
        },
        "_$AM": [Circular],
        "_$AN": undefined,
        "u": Array [
          L {
            "_$AH": "font-medium text-blue-600 dark:text-blue-500 hover:underline",
            "_$AM": [Circular],
            "_$AN": undefined,
            "element": <a
              aria-label="Click Here to redirect"
              class="font-medium text-blue-600 dark:text-blue-500 hover:underline"
              href="#"
              part="custom-link"
              rel=""
              target="_self"
              title=""
            >
              
        
              <!--?lit$3302509262$-->
              Click Here
              
        
              <slot
                name=""
              />
              
      
            </a>,
            "name": "class",
            "options": Object {
              "host": [Circular],
              "isConnected": true,
              "renderBefore": null,
            },
            "type": 1,
          },
          L {
            "_$AH": "",
            "_$AM": [Circular],
            "_$AN": undefined,
            "element": <a
              aria-label="Click Here to redirect"
              class="font-medium text-blue-600 dark:text-blue-500 hover:underline"
              href="#"
              part="custom-link"
              rel=""
              target="_self"
              title=""
            >
              
        
              <!--?lit$3302509262$-->
              Click Here
              
        
              <slot
                name=""
              />
              
      
            </a>,
            "name": "title",
            "options": Object {
              "host": [Circular],
              "isConnected": true,
              "renderBefore": null,
            },
            "type": 1,
          },
          L {
            "_$AH": "#",
            "_$AM": [Circular],
            "_$AN": undefined,
            "element": <a
              aria-label="Click Here to redirect"
              class="font-medium text-blue-600 dark:text-blue-500 hover:underline"
              href="#"
              part="custom-link"
              rel=""
              target="_self"
              title=""
            >
              
        
              <!--?lit$3302509262$-->
              Click Here
              
        
              <slot
                name=""
              />
              
      
            </a>,
            "name": "href",
            "options": Object {
              "host": [Circular],
              "isConnected": true,
              "renderBefore": null,
            },
            "type": 1,
          },
          L {
            "_$AH": "_self",
            "_$AM": [Circular],
            "_$AN": undefined,
            "element": <a
              aria-label="Click Here to redirect"
              class="font-medium text-blue-600 dark:text-blue-500 hover:underline"
              href="#"
              part="custom-link"
              rel=""
              target="_self"
              title=""
            >
              
        
              <!--?lit$3302509262$-->
              Click Here
              
        
              <slot
                name=""
              />
              
      
            </a>,
            "name": "target",
            "options": Object {
              "host": [Circular],
              "isConnected": true,
              "renderBefore": null,
            },
            "type": 1,
          },
          L {
            "_$AH": "",
            "_$AM": [Circular],
            "_$AN": undefined,
            "element": <a
              aria-label="Click Here to redirect"
              class="font-medium text-blue-600 dark:text-blue-500 hover:underline"
              href="#"
              part="custom-link"
              rel=""
              target="_self"
              title=""
            >
              
        
              <!--?lit$3302509262$-->
              Click Here
              
        
              <slot
                name=""
              />
              
      
            </a>,
            "name": "rel",
            "options": Object {
              "host": [Circular],
              "isConnected": true,
              "renderBefore": null,
            },
            "type": 1,
          },
          L {
            "_$AH": "Click Here to redirect",
            "_$AM": [Circular],
            "_$AN": undefined,
            "element": <a
              aria-label="Click Here to redirect"
              class="font-medium text-blue-600 dark:text-blue-500 hover:underline"
              href="#"
              part="custom-link"
              rel=""
              target="_self"
              title=""
            >
              
        
              <!--?lit$3302509262$-->
              Click Here
              
        
              <slot
                name=""
              />
              
      
            </a>,
            "name": "aria-label",
            "options": Object {
              "host": [Circular],
              "isConnected": true,
              "renderBefore": null,
            },
            "type": 1,
          },
          H {
            "_$AA": <!--?lit$3302509262$-->,
            "_$AB": 
        ,
            "_$AH": "Click Here",
            "_$AM": [Circular],
            "_$AN": undefined,
            "_$Cm": true,
            "options": Object {
              "host": [Circular],
              "isConnected": true,
              "renderBefore": null,
            },
            "type": 2,
          },
          L {
            "_$AH": "",
            "_$AM": [Circular],
            "_$AN": undefined,
            "element": <slot
              name=""
            />,
            "name": "name",
            "options": Object {
              "host": [Circular],
              "isConnected": true,
              "renderBefore": null,
            },
            "type": 1,
          },
        ],
      },
      "_$AM": undefined,
      "_$AN": undefined,
      "_$Cm": true,
      "options": Object {
        "host": [Circular],
        "isConnected": true,
        "renderBefore": null,
      },
      "type": 2,
    },
  },
}
`;
