// Jest Snapshot v1, https://goo.gl/fbAQLP

exports[`ymlwebcl-header matches component snapshot 1`] = `
D {
  "_$AL": Map {},
  "_$Do": H {
    "_$AA": <!---->,
    "_$AB": null,
    "_$AH": Tt {
      "_$AD": P {
        "el": <template />,
        "parts": Array [
          Object {
            "ctor": [Function],
            "index": 0,
            "name": "class",
            "strings": Array [
              "",
              "
      ",
              " ",
            ],
            "type": 1,
          },
          Object {
            "index": 5,
            "type": 2,
          },
          Object {
            "index": 8,
            "type": 2,
          },
          Object {
            "ctor": [Function],
            "index": 10,
            "name": "class",
            "strings": Array [
              "flex flex-shrink-0 items-center font-bold  pl-4 ",
              " ",
            ],
            "type": 1,
          },
          Object {
            "index": 12,
            "type": 2,
          },
          Object {
            "index": 15,
            "type": 2,
          },
          Object {
            "ctor": [Function],
            "index": 17,
            "name": "name",
            "strings": Array [
              "",
              "",
            ],
            "type": 1,
          },
          Object {
            "ctor": [Function],
            "index": 19,
            "name": "hidden",
            "strings": Array [
              "",
              "",
            ],
            "type": 1,
          },
          Object {
            "index": 21,
            "type": 2,
          },
        ],
      },
      "_$AM": [Circular],
      "_$AN": undefined,
      "u": Array [
        I {
          "_$AH": Array [
            "bg-black",
            "text-white",
          ],
          "_$AM": [Circular],
          "_$AN": undefined,
          "element": <nav
            class="bg-black
      text-white "
            part="nav"
          >
            
        
        
            <div
              class="mx-auto max-w-8xl px-2 sm:px-6 lg:px-4"
            >
              
          
          
              <div
                class="relative flex h-16 items-center justify-between"
              >
                
            
            
                <div
                  class="absolute inset-y-0 left-0 flex items-center sm:hidden"
                  part="menu-icon-container"
                >
                  
              
              
                  <!-- Mobile menu button-->
                  
            
                  <!--?lit$311819298$-->
                  
            
                </div>
                

            
                <div
                  class="flex flex-1 items-center justify-center sm:items-stretch sm:justify-start"
                >
                  
              
                  <div
                    class="flex flex-shrink-0 items-center"
                    part="logo-container"
                  >
                    
                
                    <!--?lit$311819298$-->
                    <img
                      alt="Company logo"
                      class="hidden h-8 w-8 lg:block"
                      part="logo"
                      src="https://ymedialabs.atlassian.net/s/1jmxwi/b/8/d35727372e299c952e88a10ef82bbaf6/_/jira-logo-scaled.png"
                    />
                    
              
                  </div>
                   
         
            
                  <div
                    class="flex flex-1 items-center justify-center sm:items-stretch sm:justify-start"
                  >
                    
              
              
                    <div
                      class="flex flex-shrink-0 items-center font-bold  pl-4 text-white "
                      part="headerText-container"
                    >
                      
                
                      <h2
                        part="headerText"
                      >
                        <!--?lit$311819298$-->
                        YML
                      </h2>
                      
              
                    </div>
                    

              
                    <div
                      class="hidden sm:ml-6 sm:block"
                    >
                      
                
                      <div
                        class="flex space-x-4 pl-10"
                        part="menu-link-container"
                      >
                        
                 
                
                        <!--?lit$311819298$-->
                         
                        <!--?lit$311819298$-->
                        <!--?-->
                        
                
                      </div>
                      
              
                    </div>
                    

            
                  </div>
                  

            
                  <div
                    class="inset-y-0 right-0 flex pr-2 sm:static sm:inset-auto sm:ml-6 sm:pr-0"
                    part="right-icons-container"
                  >
                    
                
                    <slot
                      name="bell"
                    />
                    
            
                  </div>
                  

          
                </div>
                

        
              </div>
              

        
              <!-- Mobile menu, show/hide based on menu state. -->
              

        
              <div
                class="sm:hidden"
                hidden=""
                id="mobile-menu"
              >
                
          
          
                <div
                  class="space-y-1 px-2 pt-2 pb-3"
                  part="menu-link-container-mobile"
                >
                  
          
                  <!--?lit$311819298$-->
                   
                  <!--?lit$311819298$-->
                  <!--?-->
                  
          
                </div>
                

        
              </div>
              

      
            </div>
          </nav>,
          "name": "class",
          "options": Object {
            "host": [Circular],
            "isConnected": true,
            "renderBefore": null,
          },
          "strings": Array [
            "",
            "
      ",
            " ",
          ],
          "type": 1,
        },
        H {
          "_$AA": <!--?lit$311819298$-->,
          "_$AB": 
            ,
          "_$AH": Symbol(lit-nothing),
          "_$AM": [Circular],
          "_$AN": undefined,
          "_$Cm": true,
          "options": Object {
            "host": [Circular],
            "isConnected": true,
            "renderBefore": null,
          },
          "type": 2,
        },
        H {
          "_$AA": <!--?lit$311819298$-->,
          "_$AB": 
              ,
          "_$AH": Tt {
            "_$AD": P {
              "el": <template />,
              "parts": Array [
                Object {
                  "ctor": [Function],
                  "index": 0,
                  "name": "src",
                  "strings": Array [
                    "",
                    "",
                  ],
                  "type": 1,
                },
                Object {
                  "ctor": [Function],
                  "index": 0,
                  "name": "alt",
                  "strings": Array [
                    "",
                    "",
                  ],
                  "type": 1,
                },
              ],
            },
            "_$AM": [Circular],
            "_$AN": undefined,
            "u": Array [
              I {
                "_$AH": "https://ymedialabs.atlassian.net/s/1jmxwi/b/8/d35727372e299c952e88a10ef82bbaf6/_/jira-logo-scaled.png",
                "_$AM": [Circular],
                "_$AN": undefined,
                "element": <img
                  alt="Company logo"
                  class="hidden h-8 w-8 lg:block"
                  part="logo"
                  src="https://ymedialabs.atlassian.net/s/1jmxwi/b/8/d35727372e299c952e88a10ef82bbaf6/_/jira-logo-scaled.png"
                />,
                "name": "src",
                "options": Object {
                  "host": [Circular],
                  "isConnected": true,
                  "renderBefore": null,
                },
                "type": 1,
              },
              I {
                "_$AH": "Company logo",
                "_$AM": [Circular],
                "_$AN": undefined,
                "element": <img
                  alt="Company logo"
                  class="hidden h-8 w-8 lg:block"
                  part="logo"
                  src="https://ymedialabs.atlassian.net/s/1jmxwi/b/8/d35727372e299c952e88a10ef82bbaf6/_/jira-logo-scaled.png"
                />,
                "name": "alt",
                "options": Object {
                  "host": [Circular],
                  "isConnected": true,
                  "renderBefore": null,
                },
                "type": 1,
              },
            ],
          },
          "_$AM": [Circular],
          "_$AN": undefined,
          "_$Cm": true,
          "options": Object {
            "host": [Circular],
            "isConnected": true,
            "renderBefore": null,
          },
          "type": 2,
        },
        I {
          "_$AH": Array [
            "text-white",
          ],
          "_$AM": [Circular],
          "_$AN": undefined,
          "element": <div
            class="flex flex-shrink-0 items-center font-bold  pl-4 text-white "
            part="headerText-container"
          >
            
                
            <h2
              part="headerText"
            >
              <!--?lit$311819298$-->
              YML
            </h2>
            
              
          </div>,
          "name": "class",
          "options": Object {
            "host": [Circular],
            "isConnected": true,
            "renderBefore": null,
          },
          "strings": Array [
            "flex flex-shrink-0 items-center font-bold  pl-4 ",
            " ",
          ],
          "type": 1,
        },
        H {
          "_$AA": <!--?lit$311819298$-->,
          "_$AB": null,
          "_$AH": "YML",
          "_$AM": [Circular],
          "_$AN": undefined,
          "_$Cm": true,
          "options": Object {
            "host": [Circular],
            "isConnected": true,
            "renderBefore": null,
          },
          "type": 2,
        },
        H {
          "_$AA": <!--?lit$311819298$-->,
          "_$AB": 
                ,
          "_$AH": Tt {
            "_$AD": P {
              "el": <template />,
              "parts": Array [
                Object {
                  "index": 0,
                  "type": 2,
                },
              ],
            },
            "_$AM": [Circular],
            "_$AN": undefined,
            "u": Array [
              H {
                "_$AA": <!--?lit$311819298$-->,
                "_$AB": <!--?-->,
                "_$AH": Array [],
                "_$AM": [Circular],
                "_$AN": undefined,
                "_$Cm": true,
                "options": Object {
                  "host": [Circular],
                  "isConnected": true,
                  "renderBefore": null,
                },
                "type": 2,
              },
            ],
          },
          "_$AM": [Circular],
          "_$AN": undefined,
          "_$Cm": true,
          "options": Object {
            "host": [Circular],
            "isConnected": true,
            "renderBefore": null,
          },
          "type": 2,
        },
        I {
          "_$AH": "bell",
          "_$AM": [Circular],
          "_$AN": undefined,
          "element": <slot
            name="bell"
          />,
          "name": "name",
          "options": Object {
            "host": [Circular],
            "isConnected": true,
            "renderBefore": null,
          },
          "type": 1,
        },
        Nt {
          "_$AH": true,
          "_$AM": [Circular],
          "_$AN": undefined,
          "element": <div
            class="sm:hidden"
            hidden=""
            id="mobile-menu"
          >
            
          
          
            <div
              class="space-y-1 px-2 pt-2 pb-3"
              part="menu-link-container-mobile"
            >
              
          
              <!--?lit$311819298$-->
               
              <!--?lit$311819298$-->
              <!--?-->
              
          
            </div>
            

        
          </div>,
          "name": "hidden",
          "options": Object {
            "host": [Circular],
            "isConnected": true,
            "renderBefore": null,
          },
          "type": 4,
        },
        H {
          "_$AA": <!--?lit$311819298$-->,
          "_$AB": 
          ,
          "_$AH": Tt {
            "_$AD": P {
              "el": <template />,
              "parts": Array [
                Object {
                  "index": 0,
                  "type": 2,
                },
              ],
            },
            "_$AM": [Circular],
            "_$AN": undefined,
            "u": Array [
              H {
                "_$AA": <!--?lit$311819298$-->,
                "_$AB": <!--?-->,
                "_$AH": Array [],
                "_$AM": [Circular],
                "_$AN": undefined,
                "_$Cm": true,
                "options": Object {
                  "host": [Circular],
                  "isConnected": true,
                  "renderBefore": null,
                },
                "type": 2,
              },
            ],
          },
          "_$AM": [Circular],
          "_$AN": undefined,
          "_$Cm": true,
          "options": Object {
            "host": [Circular],
            "isConnected": true,
            "renderBefore": null,
          },
          "type": 2,
        },
      ],
    },
    "_$AM": undefined,
    "_$AN": undefined,
    "_$Cm": true,
    "options": Object {
      "host": [Circular],
      "isConnected": true,
      "renderBefore": null,
    },
    "type": 2,
  },
  "_$EC": undefined,
  "_$E_": Promise {},
  "_$Ei": undefined,
  "_$El": null,
  "__navOptions": Object {
    "closeMenuIcon": Object {
      "slotName": "",
    },
    "headerText": "YML",
    "isMenuOpen": false,
    "logo": "https://ymedialabs.atlassian.net/s/1jmxwi/b/8/d35727372e299c952e88a10ef82bbaf6/_/jira-logo-scaled.png",
    "menuLinks": Array [],
    "mode": "dark",
    "openMenuIcon": Object {
      "slotName": "",
    },
    "topRightSlot": Object {
      "slotName": "bell",
    },
  },
  "__openMenu": false,
  "enableUpdating": [Function],
  "hasUpdated": true,
  "isUpdatePending": false,
  "renderOptions": Object {
    "host": [Circular],
    "isConnected": true,
    "renderBefore": null,
  },
  "renderRoot": ShadowRoot {
    "_$litPart$": H {
      "_$AA": <!---->,
      "_$AB": null,
      "_$AH": Tt {
        "_$AD": P {
          "el": <template />,
          "parts": Array [
            Object {
              "ctor": [Function],
              "index": 0,
              "name": "class",
              "strings": Array [
                "",
                "
      ",
                " ",
              ],
              "type": 1,
            },
            Object {
              "index": 5,
              "type": 2,
            },
            Object {
              "index": 8,
              "type": 2,
            },
            Object {
              "ctor": [Function],
              "index": 10,
              "name": "class",
              "strings": Array [
                "flex flex-shrink-0 items-center font-bold  pl-4 ",
                " ",
              ],
              "type": 1,
            },
            Object {
              "index": 12,
              "type": 2,
            },
            Object {
              "index": 15,
              "type": 2,
            },
            Object {
              "ctor": [Function],
              "index": 17,
              "name": "name",
              "strings": Array [
                "",
                "",
              ],
              "type": 1,
            },
            Object {
              "ctor": [Function],
              "index": 19,
              "name": "hidden",
              "strings": Array [
                "",
                "",
              ],
              "type": 1,
            },
            Object {
              "index": 21,
              "type": 2,
            },
          ],
        },
        "_$AM": [Circular],
        "_$AN": undefined,
        "u": Array [
          I {
            "_$AH": Array [
              "bg-black",
              "text-white",
            ],
            "_$AM": [Circular],
            "_$AN": undefined,
            "element": <nav
              class="bg-black
      text-white "
              part="nav"
            >
              
        
        
              <div
                class="mx-auto max-w-8xl px-2 sm:px-6 lg:px-4"
              >
                
          
          
                <div
                  class="relative flex h-16 items-center justify-between"
                >
                  
            
            
                  <div
                    class="absolute inset-y-0 left-0 flex items-center sm:hidden"
                    part="menu-icon-container"
                  >
                    
              
              
                    <!-- Mobile menu button-->
                    
            
                    <!--?lit$311819298$-->
                    
            
                  </div>
                  

            
                  <div
                    class="flex flex-1 items-center justify-center sm:items-stretch sm:justify-start"
                  >
                    
              
                    <div
                      class="flex flex-shrink-0 items-center"
                      part="logo-container"
                    >
                      
                
                      <!--?lit$311819298$-->
                      <img
                        alt="Company logo"
                        class="hidden h-8 w-8 lg:block"
                        part="logo"
                        src="https://ymedialabs.atlassian.net/s/1jmxwi/b/8/d35727372e299c952e88a10ef82bbaf6/_/jira-logo-scaled.png"
                      />
                      
              
                    </div>
                     
         
            
                    <div
                      class="flex flex-1 items-center justify-center sm:items-stretch sm:justify-start"
                    >
                      
              
              
                      <div
                        class="flex flex-shrink-0 items-center font-bold  pl-4 text-white "
                        part="headerText-container"
                      >
                        
                
                        <h2
                          part="headerText"
                        >
                          <!--?lit$311819298$-->
                          YML
                        </h2>
                        
              
                      </div>
                      

              
                      <div
                        class="hidden sm:ml-6 sm:block"
                      >
                        
                
                        <div
                          class="flex space-x-4 pl-10"
                          part="menu-link-container"
                        >
                          
                 
                
                          <!--?lit$311819298$-->
                           
                          <!--?lit$311819298$-->
                          <!--?-->
                          
                
                        </div>
                        
              
                      </div>
                      

            
                    </div>
                    

            
                    <div
                      class="inset-y-0 right-0 flex pr-2 sm:static sm:inset-auto sm:ml-6 sm:pr-0"
                      part="right-icons-container"
                    >
                      
                
                      <slot
                        name="bell"
                      />
                      
            
                    </div>
                    

          
                  </div>
                  

        
                </div>
                

        
                <!-- Mobile menu, show/hide based on menu state. -->
                

        
                <div
                  class="sm:hidden"
                  hidden=""
                  id="mobile-menu"
                >
                  
          
          
                  <div
                    class="space-y-1 px-2 pt-2 pb-3"
                    part="menu-link-container-mobile"
                  >
                    
          
                    <!--?lit$311819298$-->
                     
                    <!--?lit$311819298$-->
                    <!--?-->
                    
          
                  </div>
                  

        
                </div>
                

      
              </div>
            </nav>,
            "name": "class",
            "options": Object {
              "host": [Circular],
              "isConnected": true,
              "renderBefore": null,
            },
            "strings": Array [
              "",
              "
      ",
              " ",
            ],
            "type": 1,
          },
          H {
            "_$AA": <!--?lit$311819298$-->,
            "_$AB": 
            ,
            "_$AH": Symbol(lit-nothing),
            "_$AM": [Circular],
            "_$AN": undefined,
            "_$Cm": true,
            "options": Object {
              "host": [Circular],
              "isConnected": true,
              "renderBefore": null,
            },
            "type": 2,
          },
          H {
            "_$AA": <!--?lit$311819298$-->,
            "_$AB": 
              ,
            "_$AH": Tt {
              "_$AD": P {
                "el": <template />,
                "parts": Array [
                  Object {
                    "ctor": [Function],
                    "index": 0,
                    "name": "src",
                    "strings": Array [
                      "",
                      "",
                    ],
                    "type": 1,
                  },
                  Object {
                    "ctor": [Function],
                    "index": 0,
                    "name": "alt",
                    "strings": Array [
                      "",
                      "",
                    ],
                    "type": 1,
                  },
                ],
              },
              "_$AM": [Circular],
              "_$AN": undefined,
              "u": Array [
                I {
                  "_$AH": "https://ymedialabs.atlassian.net/s/1jmxwi/b/8/d35727372e299c952e88a10ef82bbaf6/_/jira-logo-scaled.png",
                  "_$AM": [Circular],
                  "_$AN": undefined,
                  "element": <img
                    alt="Company logo"
                    class="hidden h-8 w-8 lg:block"
                    part="logo"
                    src="https://ymedialabs.atlassian.net/s/1jmxwi/b/8/d35727372e299c952e88a10ef82bbaf6/_/jira-logo-scaled.png"
                  />,
                  "name": "src",
                  "options": Object {
                    "host": [Circular],
                    "isConnected": true,
                    "renderBefore": null,
                  },
                  "type": 1,
                },
                I {
                  "_$AH": "Company logo",
                  "_$AM": [Circular],
                  "_$AN": undefined,
                  "element": <img
                    alt="Company logo"
                    class="hidden h-8 w-8 lg:block"
                    part="logo"
                    src="https://ymedialabs.atlassian.net/s/1jmxwi/b/8/d35727372e299c952e88a10ef82bbaf6/_/jira-logo-scaled.png"
                  />,
                  "name": "alt",
                  "options": Object {
                    "host": [Circular],
                    "isConnected": true,
                    "renderBefore": null,
                  },
                  "type": 1,
                },
              ],
            },
            "_$AM": [Circular],
            "_$AN": undefined,
            "_$Cm": true,
            "options": Object {
              "host": [Circular],
              "isConnected": true,
              "renderBefore": null,
            },
            "type": 2,
          },
          I {
            "_$AH": Array [
              "text-white",
            ],
            "_$AM": [Circular],
            "_$AN": undefined,
            "element": <div
              class="flex flex-shrink-0 items-center font-bold  pl-4 text-white "
              part="headerText-container"
            >
              
                
              <h2
                part="headerText"
              >
                <!--?lit$311819298$-->
                YML
              </h2>
              
              
            </div>,
            "name": "class",
            "options": Object {
              "host": [Circular],
              "isConnected": true,
              "renderBefore": null,
            },
            "strings": Array [
              "flex flex-shrink-0 items-center font-bold  pl-4 ",
              " ",
            ],
            "type": 1,
          },
          H {
            "_$AA": <!--?lit$311819298$-->,
            "_$AB": null,
            "_$AH": "YML",
            "_$AM": [Circular],
            "_$AN": undefined,
            "_$Cm": true,
            "options": Object {
              "host": [Circular],
              "isConnected": true,
              "renderBefore": null,
            },
            "type": 2,
          },
          H {
            "_$AA": <!--?lit$311819298$-->,
            "_$AB": 
                ,
            "_$AH": Tt {
              "_$AD": P {
                "el": <template />,
                "parts": Array [
                  Object {
                    "index": 0,
                    "type": 2,
                  },
                ],
              },
              "_$AM": [Circular],
              "_$AN": undefined,
              "u": Array [
                H {
                  "_$AA": <!--?lit$311819298$-->,
                  "_$AB": <!--?-->,
                  "_$AH": Array [],
                  "_$AM": [Circular],
                  "_$AN": undefined,
                  "_$Cm": true,
                  "options": Object {
                    "host": [Circular],
                    "isConnected": true,
                    "renderBefore": null,
                  },
                  "type": 2,
                },
              ],
            },
            "_$AM": [Circular],
            "_$AN": undefined,
            "_$Cm": true,
            "options": Object {
              "host": [Circular],
              "isConnected": true,
              "renderBefore": null,
            },
            "type": 2,
          },
          I {
            "_$AH": "bell",
            "_$AM": [Circular],
            "_$AN": undefined,
            "element": <slot
              name="bell"
            />,
            "name": "name",
            "options": Object {
              "host": [Circular],
              "isConnected": true,
              "renderBefore": null,
            },
            "type": 1,
          },
          Nt {
            "_$AH": true,
            "_$AM": [Circular],
            "_$AN": undefined,
            "element": <div
              class="sm:hidden"
              hidden=""
              id="mobile-menu"
            >
              
          
          
              <div
                class="space-y-1 px-2 pt-2 pb-3"
                part="menu-link-container-mobile"
              >
                
          
                <!--?lit$311819298$-->
                 
                <!--?lit$311819298$-->
                <!--?-->
                
          
              </div>
              

        
            </div>,
            "name": "hidden",
            "options": Object {
              "host": [Circular],
              "isConnected": true,
              "renderBefore": null,
            },
            "type": 4,
          },
          H {
            "_$AA": <!--?lit$311819298$-->,
            "_$AB": 
          ,
            "_$AH": Tt {
              "_$AD": P {
                "el": <template />,
                "parts": Array [
                  Object {
                    "index": 0,
                    "type": 2,
                  },
                ],
              },
              "_$AM": [Circular],
              "_$AN": undefined,
              "u": Array [
                H {
                  "_$AA": <!--?lit$311819298$-->,
                  "_$AB": <!--?-->,
                  "_$AH": Array [],
                  "_$AM": [Circular],
                  "_$AN": undefined,
                  "_$Cm": true,
                  "options": Object {
                    "host": [Circular],
                    "isConnected": true,
                    "renderBefore": null,
                  },
                  "type": 2,
                },
              ],
            },
            "_$AM": [Circular],
            "_$AN": undefined,
            "_$Cm": true,
            "options": Object {
              "host": [Circular],
              "isConnected": true,
              "renderBefore": null,
            },
            "type": 2,
          },
        ],
      },
      "_$AM": undefined,
      "_$AN": undefined,
      "_$Cm": true,
      "options": Object {
        "host": [Circular],
        "isConnected": true,
        "renderBefore": null,
      },
      "type": 2,
    },
  },
  "themeOptions": Object {
    "dark": Object {
      "bgColor": "bg-black",
      "bgHoverColor": "hover:bg-gray-300",
      "headerTextColor": "text-white",
      "textColor": "text-gray-300",
      "textHoverColorDesktop": "hover:text-white",
      "textHoverColorMobile": "hover:text-black",
    },
    "light": Object {
      "bgColor": "bg-gray-200",
      "bgHoverColor": "hover:bg-stone-700",
      "headerTextColor": "text-black",
      "textColor": "text-stone-900",
      "textHoverColorDesktop": "hover:text-black",
      "textHoverColorMobile": "hover:text-white",
    },
  },
}
`;
