// Jest Snapshot v1, https://goo.gl/fbAQLP

exports[`button-component matches component snapshot 1`] = `
u {
  "_$AL": Map {},
  "_$Do": O {
    "_$AA": <!---->,
    "_$AB": null,
    "_$AH": yt {
      "_$AD": N {
        "el": <template />,
        "parts": Array [
          Object {
            "ctor": [Function],
            "index": 0,
            "name": "tabindex",
            "strings": Array [
              "",
              "",
            ],
            "type": 1,
          },
          Object {
            "ctor": [Function],
            "index": 0,
            "name": "role",
            "strings": Array [
              "",
              "",
            ],
            "type": 1,
          },
          Object {
            "ctor": [Function],
            "index": 0,
            "name": "class",
            "strings": Array [
              "",
              "",
            ],
            "type": 1,
          },
          Object {
            "index": 1,
            "type": 2,
          },
          Object {
            "ctor": [Function],
            "index": 2,
            "name": "name",
            "strings": Array [
              "",
              "",
            ],
            "type": 1,
          },
        ],
      },
      "_$AM": [Circular],
      "_$AN": undefined,
      "u": Array [
        R {
          "_$AH": "0",
          "_$AM": [Circular],
          "_$AN": undefined,
          "element": <button
            class="inline-block px-6 font-medium text-xs leading-tight uppercase focus:outline-none focus:ring-0 transition duration-150 ease-in-out
      py-2.5 bg-blue-600 text-white shadow-md hover:bg-blue-700 hover:shadow-lg focus:bg-blue-700 focus:shadow-lg  active:bg-blue-800 active:shadow-lg
      rounded
      undefined
      undefined
    "
            part="custom-button"
            role="button"
            tabindex="0"
            type="button"
          >
            
        
            <!--?lit$7157807873$-->
            
        
            <slot
              name=""
            />
            
      
          </button>,
          "name": "tabindex",
          "options": Object {
            "host": [Circular],
            "isConnected": true,
            "renderBefore": null,
          },
          "type": 1,
        },
        R {
          "_$AH": "button",
          "_$AM": [Circular],
          "_$AN": undefined,
          "element": <button
            class="inline-block px-6 font-medium text-xs leading-tight uppercase focus:outline-none focus:ring-0 transition duration-150 ease-in-out
      py-2.5 bg-blue-600 text-white shadow-md hover:bg-blue-700 hover:shadow-lg focus:bg-blue-700 focus:shadow-lg  active:bg-blue-800 active:shadow-lg
      rounded
      undefined
      undefined
    "
            part="custom-button"
            role="button"
            tabindex="0"
            type="button"
          >
            
        
            <!--?lit$7157807873$-->
            
        
            <slot
              name=""
            />
            
      
          </button>,
          "name": "role",
          "options": Object {
            "host": [Circular],
            "isConnected": true,
            "renderBefore": null,
          },
          "type": 1,
        },
        R {
          "_$AH": "inline-block px-6 font-medium text-xs leading-tight uppercase focus:outline-none focus:ring-0 transition duration-150 ease-in-out
      py-2.5 bg-blue-600 text-white shadow-md hover:bg-blue-700 hover:shadow-lg focus:bg-blue-700 focus:shadow-lg  active:bg-blue-800 active:shadow-lg
      rounded
      undefined
      undefined
    ",
          "_$AM": [Circular],
          "_$AN": undefined,
          "element": <button
            class="inline-block px-6 font-medium text-xs leading-tight uppercase focus:outline-none focus:ring-0 transition duration-150 ease-in-out
      py-2.5 bg-blue-600 text-white shadow-md hover:bg-blue-700 hover:shadow-lg focus:bg-blue-700 focus:shadow-lg  active:bg-blue-800 active:shadow-lg
      rounded
      undefined
      undefined
    "
            part="custom-button"
            role="button"
            tabindex="0"
            type="button"
          >
            
        
            <!--?lit$7157807873$-->
            
        
            <slot
              name=""
            />
            
      
          </button>,
          "name": "class",
          "options": Object {
            "host": [Circular],
            "isConnected": true,
            "renderBefore": null,
          },
          "type": 1,
        },
        O {
          "_$AA": <!--?lit$7157807873$-->,
          "_$AB": 
        ,
          "_$AH": Symbol(lit-nothing),
          "_$AM": [Circular],
          "_$AN": undefined,
          "_$Cm": true,
          "options": Object {
            "host": [Circular],
            "isConnected": true,
            "renderBefore": null,
          },
          "type": 2,
        },
        R {
          "_$AH": undefined,
          "_$AM": [Circular],
          "_$AN": undefined,
          "element": <slot
            name=""
          />,
          "name": "name",
          "options": Object {
            "host": [Circular],
            "isConnected": true,
            "renderBefore": null,
          },
          "type": 1,
        },
      ],
    },
    "_$AM": undefined,
    "_$AN": undefined,
    "_$Cm": true,
    "options": Object {
      "host": [Circular],
      "isConnected": true,
      "renderBefore": null,
    },
    "type": 2,
  },
  "_$E_": Promise {},
  "_$Ei": undefined,
  "_$El": null,
  "enableUpdating": [Function],
  "hasUpdated": true,
  "isUpdatePending": false,
  "renderOptions": Object {
    "host": [Circular],
    "isConnected": true,
    "renderBefore": null,
  },
  "renderRoot": ShadowRoot {
    "_$litPart$": O {
      "_$AA": <!---->,
      "_$AB": null,
      "_$AH": yt {
        "_$AD": N {
          "el": <template />,
          "parts": Array [
            Object {
              "ctor": [Function],
              "index": 0,
              "name": "tabindex",
              "strings": Array [
                "",
                "",
              ],
              "type": 1,
            },
            Object {
              "ctor": [Function],
              "index": 0,
              "name": "role",
              "strings": Array [
                "",
                "",
              ],
              "type": 1,
            },
            Object {
              "ctor": [Function],
              "index": 0,
              "name": "class",
              "strings": Array [
                "",
                "",
              ],
              "type": 1,
            },
            Object {
              "index": 1,
              "type": 2,
            },
            Object {
              "ctor": [Function],
              "index": 2,
              "name": "name",
              "strings": Array [
                "",
                "",
              ],
              "type": 1,
            },
          ],
        },
        "_$AM": [Circular],
        "_$AN": undefined,
        "u": Array [
          R {
            "_$AH": "0",
            "_$AM": [Circular],
            "_$AN": undefined,
            "element": <button
              class="inline-block px-6 font-medium text-xs leading-tight uppercase focus:outline-none focus:ring-0 transition duration-150 ease-in-out
      py-2.5 bg-blue-600 text-white shadow-md hover:bg-blue-700 hover:shadow-lg focus:bg-blue-700 focus:shadow-lg  active:bg-blue-800 active:shadow-lg
      rounded
      undefined
      undefined
    "
              part="custom-button"
              role="button"
              tabindex="0"
              type="button"
            >
              
        
              <!--?lit$7157807873$-->
              
        
              <slot
                name=""
              />
              
      
            </button>,
            "name": "tabindex",
            "options": Object {
              "host": [Circular],
              "isConnected": true,
              "renderBefore": null,
            },
            "type": 1,
          },
          R {
            "_$AH": "button",
            "_$AM": [Circular],
            "_$AN": undefined,
            "element": <button
              class="inline-block px-6 font-medium text-xs leading-tight uppercase focus:outline-none focus:ring-0 transition duration-150 ease-in-out
      py-2.5 bg-blue-600 text-white shadow-md hover:bg-blue-700 hover:shadow-lg focus:bg-blue-700 focus:shadow-lg  active:bg-blue-800 active:shadow-lg
      rounded
      undefined
      undefined
    "
              part="custom-button"
              role="button"
              tabindex="0"
              type="button"
            >
              
        
              <!--?lit$7157807873$-->
              
        
              <slot
                name=""
              />
              
      
            </button>,
            "name": "role",
            "options": Object {
              "host": [Circular],
              "isConnected": true,
              "renderBefore": null,
            },
            "type": 1,
          },
          R {
            "_$AH": "inline-block px-6 font-medium text-xs leading-tight uppercase focus:outline-none focus:ring-0 transition duration-150 ease-in-out
      py-2.5 bg-blue-600 text-white shadow-md hover:bg-blue-700 hover:shadow-lg focus:bg-blue-700 focus:shadow-lg  active:bg-blue-800 active:shadow-lg
      rounded
      undefined
      undefined
    ",
            "_$AM": [Circular],
            "_$AN": undefined,
            "element": <button
              class="inline-block px-6 font-medium text-xs leading-tight uppercase focus:outline-none focus:ring-0 transition duration-150 ease-in-out
      py-2.5 bg-blue-600 text-white shadow-md hover:bg-blue-700 hover:shadow-lg focus:bg-blue-700 focus:shadow-lg  active:bg-blue-800 active:shadow-lg
      rounded
      undefined
      undefined
    "
              part="custom-button"
              role="button"
              tabindex="0"
              type="button"
            >
              
        
              <!--?lit$7157807873$-->
              
        
              <slot
                name=""
              />
              
      
            </button>,
            "name": "class",
            "options": Object {
              "host": [Circular],
              "isConnected": true,
              "renderBefore": null,
            },
            "type": 1,
          },
          O {
            "_$AA": <!--?lit$7157807873$-->,
            "_$AB": 
        ,
            "_$AH": Symbol(lit-nothing),
            "_$AM": [Circular],
            "_$AN": undefined,
            "_$Cm": true,
            "options": Object {
              "host": [Circular],
              "isConnected": true,
              "renderBefore": null,
            },
            "type": 2,
          },
          R {
            "_$AH": undefined,
            "_$AM": [Circular],
            "_$AN": undefined,
            "element": <slot
              name=""
            />,
            "name": "name",
            "options": Object {
              "host": [Circular],
              "isConnected": true,
              "renderBefore": null,
            },
            "type": 1,
          },
        ],
      },
      "_$AM": undefined,
      "_$AN": undefined,
      "_$Cm": true,
      "options": Object {
        "host": [Circular],
        "isConnected": true,
        "renderBefore": null,
      },
      "type": 2,
    },
  },
}
`;
