// Jest Snapshot v1, https://goo.gl/fbAQLP

exports[`chip-component matches component snapshot 1`] = `
v {
  "_$AL": Map {},
  "_$Do": U {
    "_$AA": <!---->,
    "_$AB": null,
    "_$AH": mt {
      "_$AD": N {
        "el": <template />,
        "parts": Array [
          Object {
            "ctor": [Function],
            "index": 0,
            "name": "class",
            "strings": Array [
              "",
              "",
            ],
            "type": 1,
          },
          Object {
            "ctor": [Function],
            "index": 0,
            "name": "part",
            "strings": Array [
              "",
              "",
            ],
            "type": 1,
          },
          Object {
            "ctor": [Function],
            "index": 1,
            "name": "part",
            "strings": Array [
              "",
              "",
            ],
            "type": 1,
          },
          Object {
            "ctor": [Function],
            "index": 2,
            "name": "name",
            "strings": Array [
              "",
              "",
            ],
            "type": 1,
          },
          Object {
            "index": 3,
            "type": 2,
          },
          Object {
            "ctor": [Function],
            "index": 4,
            "name": "part",
            "strings": Array [
              "",
              "",
            ],
            "type": 1,
          },
          Object {
            "ctor": [Function],
            "index": 5,
            "name": "name",
            "strings": Array [
              "",
              "",
            ],
            "type": 1,
          },
        ],
      },
      "_$AM": [Circular],
      "_$AN": undefined,
      "u": Array [
        R {
          "_$AH": "[word-wrap: break-word] inline-flex flex-row items-center my-[5px] pt-[4px] pb-[6px] px-[12px]",
          "_$AM": [Circular],
          "_$AN": undefined,
          "element": <div
            class="[word-wrap: break-word] inline-flex flex-row items-center my-[5px] pt-[4px] pb-[6px] px-[12px]"
            part="webcl-chip"
          >
            
        
            <div
              class="mr-[6px]"
              part="webcl-chip-leftSlot"
            >
              
          
              <slot
                name=""
              />
              
        
            </div>
            
        
            <!--?lit$97514775$-->
            Label
            
        
            <div
              class="ml-[6px]"
              part="webcl-chip-rightSlot"
            >
              
          
              <slot
                name=""
              />
              
        
            </div>
            
      
          </div>,
          "name": "class",
          "options": Object {
            "host": [Circular],
            "isConnected": true,
            "renderBefore": null,
          },
          "type": 1,
        },
        R {
          "_$AH": "webcl-chip",
          "_$AM": [Circular],
          "_$AN": undefined,
          "element": <div
            class="[word-wrap: break-word] inline-flex flex-row items-center my-[5px] pt-[4px] pb-[6px] px-[12px]"
            part="webcl-chip"
          >
            
        
            <div
              class="mr-[6px]"
              part="webcl-chip-leftSlot"
            >
              
          
              <slot
                name=""
              />
              
        
            </div>
            
        
            <!--?lit$97514775$-->
            Label
            
        
            <div
              class="ml-[6px]"
              part="webcl-chip-rightSlot"
            >
              
          
              <slot
                name=""
              />
              
        
            </div>
            
      
          </div>,
          "name": "part",
          "options": Object {
            "host": [Circular],
            "isConnected": true,
            "renderBefore": null,
          },
          "type": 1,
        },
        R {
          "_$AH": "webcl-chip-leftSlot",
          "_$AM": [Circular],
          "_$AN": undefined,
          "element": <div
            class="mr-[6px]"
            part="webcl-chip-leftSlot"
          >
            
          
            <slot
              name=""
            />
            
        
          </div>,
          "name": "part",
          "options": Object {
            "host": [Circular],
            "isConnected": true,
            "renderBefore": null,
          },
          "type": 1,
        },
        R {
          "_$AH": undefined,
          "_$AM": [Circular],
          "_$AN": undefined,
          "element": <slot
            name=""
          />,
          "name": "name",
          "options": Object {
            "host": [Circular],
            "isConnected": true,
            "renderBefore": null,
          },
          "type": 1,
        },
        U {
          "_$AA": <!--?lit$97514775$-->,
          "_$AB": 
        ,
          "_$AH": "Label",
          "_$AM": [Circular],
          "_$AN": undefined,
          "_$Cm": true,
          "options": Object {
            "host": [Circular],
            "isConnected": true,
            "renderBefore": null,
          },
          "type": 2,
        },
        R {
          "_$AH": "webcl-chip-rightSlot",
          "_$AM": [Circular],
          "_$AN": undefined,
          "element": <div
            class="ml-[6px]"
            part="webcl-chip-rightSlot"
          >
            
          
            <slot
              name=""
            />
            
        
          </div>,
          "name": "part",
          "options": Object {
            "host": [Circular],
            "isConnected": true,
            "renderBefore": null,
          },
          "type": 1,
        },
        R {
          "_$AH": undefined,
          "_$AM": [Circular],
          "_$AN": undefined,
          "element": <slot
            name=""
          />,
          "name": "name",
          "options": Object {
            "host": [Circular],
            "isConnected": true,
            "renderBefore": null,
          },
          "type": 1,
        },
      ],
    },
    "_$AM": undefined,
    "_$AN": undefined,
    "_$Cm": true,
    "options": Object {
      "host": [Circular],
      "isConnected": true,
      "renderBefore": null,
    },
    "type": 2,
  },
  "_$E_": Promise {},
  "_$Ei": undefined,
  "_$El": null,
  "__chipPartAttribute": "webcl-chip",
  "__leftSlotPartAttribute": "webcl-chip-leftSlot",
  "__rightSlotPartAttribute": "webcl-chip-rightSlot",
  "__text": "Label",
  "enableUpdating": [Function],
  "hasUpdated": true,
  "isUpdatePending": false,
  "renderOptions": Object {
    "host": [Circular],
    "isConnected": true,
    "renderBefore": null,
  },
  "renderRoot": ShadowRoot {
    "_$litPart$": U {
      "_$AA": <!---->,
      "_$AB": null,
      "_$AH": mt {
        "_$AD": N {
          "el": <template />,
          "parts": Array [
            Object {
              "ctor": [Function],
              "index": 0,
              "name": "class",
              "strings": Array [
                "",
                "",
              ],
              "type": 1,
            },
            Object {
              "ctor": [Function],
              "index": 0,
              "name": "part",
              "strings": Array [
                "",
                "",
              ],
              "type": 1,
            },
            Object {
              "ctor": [Function],
              "index": 1,
              "name": "part",
              "strings": Array [
                "",
                "",
              ],
              "type": 1,
            },
            Object {
              "ctor": [Function],
              "index": 2,
              "name": "name",
              "strings": Array [
                "",
                "",
              ],
              "type": 1,
            },
            Object {
              "index": 3,
              "type": 2,
            },
            Object {
              "ctor": [Function],
              "index": 4,
              "name": "part",
              "strings": Array [
                "",
                "",
              ],
              "type": 1,
            },
            Object {
              "ctor": [Function],
              "index": 5,
              "name": "name",
              "strings": Array [
                "",
                "",
              ],
              "type": 1,
            },
          ],
        },
        "_$AM": [Circular],
        "_$AN": undefined,
        "u": Array [
          R {
            "_$AH": "[word-wrap: break-word] inline-flex flex-row items-center my-[5px] pt-[4px] pb-[6px] px-[12px]",
            "_$AM": [Circular],
            "_$AN": undefined,
            "element": <div
              class="[word-wrap: break-word] inline-flex flex-row items-center my-[5px] pt-[4px] pb-[6px] px-[12px]"
              part="webcl-chip"
            >
              
        
              <div
                class="mr-[6px]"
                part="webcl-chip-leftSlot"
              >
                
          
                <slot
                  name=""
                />
                
        
              </div>
              
        
              <!--?lit$97514775$-->
              Label
              
        
              <div
                class="ml-[6px]"
                part="webcl-chip-rightSlot"
              >
                
          
                <slot
                  name=""
                />
                
        
              </div>
              
      
            </div>,
            "name": "class",
            "options": Object {
              "host": [Circular],
              "isConnected": true,
              "renderBefore": null,
            },
            "type": 1,
          },
          R {
            "_$AH": "webcl-chip",
            "_$AM": [Circular],
            "_$AN": undefined,
            "element": <div
              class="[word-wrap: break-word] inline-flex flex-row items-center my-[5px] pt-[4px] pb-[6px] px-[12px]"
              part="webcl-chip"
            >
              
        
              <div
                class="mr-[6px]"
                part="webcl-chip-leftSlot"
              >
                
          
                <slot
                  name=""
                />
                
        
              </div>
              
        
              <!--?lit$97514775$-->
              Label
              
        
              <div
                class="ml-[6px]"
                part="webcl-chip-rightSlot"
              >
                
          
                <slot
                  name=""
                />
                
        
              </div>
              
      
            </div>,
            "name": "part",
            "options": Object {
              "host": [Circular],
              "isConnected": true,
              "renderBefore": null,
            },
            "type": 1,
          },
          R {
            "_$AH": "webcl-chip-leftSlot",
            "_$AM": [Circular],
            "_$AN": undefined,
            "element": <div
              class="mr-[6px]"
              part="webcl-chip-leftSlot"
            >
              
          
              <slot
                name=""
              />
              
        
            </div>,
            "name": "part",
            "options": Object {
              "host": [Circular],
              "isConnected": true,
              "renderBefore": null,
            },
            "type": 1,
          },
          R {
            "_$AH": undefined,
            "_$AM": [Circular],
            "_$AN": undefined,
            "element": <slot
              name=""
            />,
            "name": "name",
            "options": Object {
              "host": [Circular],
              "isConnected": true,
              "renderBefore": null,
            },
            "type": 1,
          },
          U {
            "_$AA": <!--?lit$97514775$-->,
            "_$AB": 
        ,
            "_$AH": "Label",
            "_$AM": [Circular],
            "_$AN": undefined,
            "_$Cm": true,
            "options": Object {
              "host": [Circular],
              "isConnected": true,
              "renderBefore": null,
            },
            "type": 2,
          },
          R {
            "_$AH": "webcl-chip-rightSlot",
            "_$AM": [Circular],
            "_$AN": undefined,
            "element": <div
              class="ml-[6px]"
              part="webcl-chip-rightSlot"
            >
              
          
              <slot
                name=""
              />
              
        
            </div>,
            "name": "part",
            "options": Object {
              "host": [Circular],
              "isConnected": true,
              "renderBefore": null,
            },
            "type": 1,
          },
          R {
            "_$AH": undefined,
            "_$AM": [Circular],
            "_$AN": undefined,
            "element": <slot
              name=""
            />,
            "name": "name",
            "options": Object {
              "host": [Circular],
              "isConnected": true,
              "renderBefore": null,
            },
            "type": 1,
          },
        ],
      },
      "_$AM": undefined,
      "_$AN": undefined,
      "_$Cm": true,
      "options": Object {
        "host": [Circular],
        "isConnected": true,
        "renderBefore": null,
      },
      "type": 2,
    },
  },
}
`;
