// Jest Snapshot v1, https://goo.gl/fbAQLP

exports[`progress-bar-component matches component snapshot 1`] = `
H {
  "_$AL": Map {},
  "_$Do": C {
    "_$AA": <!---->,
    "_$AB": null,
    "_$AH": mt {
      "_$AD": k {
        "el": <template />,
        "parts": Array [
          Object {
            "ctor": [Function],
            "index": 1,
            "name": "style",
            "strings": Array [
              "",
              "",
            ],
            "type": 1,
          },
          Object {
            "ctor": [Function],
            "index": 1,
            "name": "aria-valuemax",
            "strings": Array [
              "",
              "",
            ],
            "type": 1,
          },
          Object {
            "ctor": [Function],
            "index": 1,
            "name": "aria-valuenow",
            "strings": Array [
              "",
              "",
            ],
            "type": 1,
          },
        ],
      },
      "_$AM": [Circular],
      "_$AN": undefined,
      "u": Array [
        T {
          "_$AH": "width: NaN%; transition: width 0.3s ease-in-out;",
          "_$AM": [Circular],
          "_$AN": undefined,
          "element": <div
            aria-valuemax="100"
            aria-valuemin="0"
            aria-valuenow=""
            part="webcl-progress-bar"
            role="progressbar"
            style="width: NaN%; transition: width 0.3s ease-in-out;"
          />,
          "name": "style",
          "options": Object {
            "host": [Circular],
            "isConnected": true,
            "renderBefore": null,
          },
          "type": 1,
        },
        T {
          "_$AH": 100,
          "_$AM": [Circular],
          "_$AN": undefined,
          "element": <div
            aria-valuemax="100"
            aria-valuemin="0"
            aria-valuenow=""
            part="webcl-progress-bar"
            role="progressbar"
            style="width: NaN%; transition: width 0.3s ease-in-out;"
          />,
          "name": "aria-valuemax",
          "options": Object {
            "host": [Circular],
            "isConnected": true,
            "renderBefore": null,
          },
          "type": 1,
        },
        T {
          "_$AH": undefined,
          "_$AM": [Circular],
          "_$AN": undefined,
          "element": <div
            aria-valuemax="100"
            aria-valuemin="0"
            aria-valuenow=""
            part="webcl-progress-bar"
            role="progressbar"
            style="width: NaN%; transition: width 0.3s ease-in-out;"
          />,
          "name": "aria-valuenow",
          "options": Object {
            "host": [Circular],
            "isConnected": true,
            "renderBefore": null,
          },
          "type": 1,
        },
      ],
    },
    "_$AM": undefined,
    "_$AN": undefined,
    "_$Cm": true,
    "options": Object {
      "host": [Circular],
      "isConnected": true,
      "renderBefore": null,
    },
    "type": 2,
  },
  "_$E_": Promise {},
  "_$Ei": undefined,
  "_$El": null,
  "__max": 100,
  "enableUpdating": [Function],
  "hasUpdated": true,
  "isUpdatePending": false,
  "renderOptions": Object {
    "host": [Circular],
    "isConnected": true,
    "renderBefore": null,
  },
  "renderRoot": ShadowRoot {
    "_$litPart$": C {
      "_$AA": <!---->,
      "_$AB": null,
      "_$AH": mt {
        "_$AD": k {
          "el": <template />,
          "parts": Array [
            Object {
              "ctor": [Function],
              "index": 1,
              "name": "style",
              "strings": Array [
                "",
                "",
              ],
              "type": 1,
            },
            Object {
              "ctor": [Function],
              "index": 1,
              "name": "aria-valuemax",
              "strings": Array [
                "",
                "",
              ],
              "type": 1,
            },
            Object {
              "ctor": [Function],
              "index": 1,
              "name": "aria-valuenow",
              "strings": Array [
                "",
                "",
              ],
              "type": 1,
            },
          ],
        },
        "_$AM": [Circular],
        "_$AN": undefined,
        "u": Array [
          T {
            "_$AH": "width: NaN%; transition: width 0.3s ease-in-out;",
            "_$AM": [Circular],
            "_$AN": undefined,
            "element": <div
              aria-valuemax="100"
              aria-valuemin="0"
              aria-valuenow=""
              part="webcl-progress-bar"
              role="progressbar"
              style="width: NaN%; transition: width 0.3s ease-in-out;"
            />,
            "name": "style",
            "options": Object {
              "host": [Circular],
              "isConnected": true,
              "renderBefore": null,
            },
            "type": 1,
          },
          T {
            "_$AH": 100,
            "_$AM": [Circular],
            "_$AN": undefined,
            "element": <div
              aria-valuemax="100"
              aria-valuemin="0"
              aria-valuenow=""
              part="webcl-progress-bar"
              role="progressbar"
              style="width: NaN%; transition: width 0.3s ease-in-out;"
            />,
            "name": "aria-valuemax",
            "options": Object {
              "host": [Circular],
              "isConnected": true,
              "renderBefore": null,
            },
            "type": 1,
          },
          T {
            "_$AH": undefined,
            "_$AM": [Circular],
            "_$AN": undefined,
            "element": <div
              aria-valuemax="100"
              aria-valuemin="0"
              aria-valuenow=""
              part="webcl-progress-bar"
              role="progressbar"
              style="width: NaN%; transition: width 0.3s ease-in-out;"
            />,
            "name": "aria-valuenow",
            "options": Object {
              "host": [Circular],
              "isConnected": true,
              "renderBefore": null,
            },
            "type": 1,
          },
        ],
      },
      "_$AM": undefined,
      "_$AN": undefined,
      "_$Cm": true,
      "options": Object {
        "host": [Circular],
        "isConnected": true,
        "renderBefore": null,
      },
      "type": 2,
    },
  },
}
`;
